resuming with 0 cells already recorded
launching BF16_REFERENCE rep1 ...
  kv_tokens=44688 dispatch_ok=True prefix_caching=False start=24.03s
[16:40:56] START P1:BF16:DECODE_PRIMARY:C1:r1
[16:48:29] DONE  P1:BF16:DECODE_PRIMARY:C1:r1 status=OK tok/s=36.03 tpotP95=27.714824980569794 kvP95=0.05608882521489968 preempt=0.0 recomp=0.0 pfxhits=0.0
[16:48:29] START P1:BF16:DECODE_PRIMARY:C8:r1
[16:56:36] DONE  P1:BF16:DECODE_PRIMARY:C8:r1 status=OK tok/s=268.3 tpotP95=29.56472329139522 kvP95=0.4392908309455587 preempt=0.0 recomp=0.0 pfxhits=0.0
[16:56:38] START P1:BF16:DECODE_PRIMARY:C12:r1
[17:05:12] DONE  P1:BF16:DECODE_PRIMARY:C12:r1 status=OK tok/s=381.39 tpotP95=31.276393805351383 kvP95=0.6498567335243552 preempt=0.0 recomp=0.0 pfxhits=0.0
launching FP8_PRIMARY rep1 ...
  kv_tokens=97888 dispatch_ok=True prefix_caching=False start=22.02s
[17:05:35] START P1:FP8:DECODE_PRIMARY:C1:r1
[17:10:45] DONE  P1:FP8:DECODE_PRIMARY:C1:r1 status=OK tok/s=66.01 tpotP95=15.116565063166735 kvP95=0.02259277423573649 preempt=0.0 recomp=0.0 pfxhits=0.0
[17:10:47] START P1:FP8:DECODE_PRIMARY:C8:r1
[17:16:13] DONE  P1:FP8:DECODE_PRIMARY:C8:r1 status=OK tok/s=449.95 tpotP95=17.641398088641886 kvP95=0.20148765734837334 preempt=0.0 recomp=0.0 pfxhits=0.0
[17:16:15] START P1:FP8:DECODE_PRIMARY:C12:r1
[17:22:11] DONE  P1:FP8:DECODE_PRIMARY:C12:r1 status=OK tok/s=617.89 tpotP95=19.223086822908336 kvP95=0.2889651790093183 preempt=0.0 recomp=0.0 pfxhits=0.0
[17:22:13] START P3:FP8:DECODE_PRIMARY:C24:r1
[17:28:41] DONE  P3:FP8:DECODE_PRIMARY:C24:r1 status=OK tok/s=1001.0 tpotP95=23.52868428935047 kvP95=0.6042177538008828 preempt=0.0 recomp=0.0 pfxhits=0.0
ABORT: GPU is not idle; timed runs require an otherwise-idle GPU
resuming with 7 cells already recorded
skip BF16_REFERENCE rep1: all cells present
skip FP8_PRIMARY rep1: all cells present
launching FP4_PRIMARY rep1 ...
  kv_tokens=116960 dispatch_ok=True prefix_caching=False start=30.03s
[18:54:44] START P1:FP4:DECODE_PRIMARY:C1:r1
[18:59:15] DONE  P1:FP4:DECODE_PRIMARY:C1:r1 status=OK tok/s=88.03 tpotP95=11.36116272613245 kvP95=0.019688055821589813 preempt=0.0 recomp=0.0 pfxhits=0.0
[18:59:15] START P1:FP4:DECODE_PRIMARY:C8:r1
[19:04:02] DONE  P1:FP4:DECODE_PRIMARY:C8:r1 status=OK tok/s=566.85 tpotP95=13.978340168088643 kvP95=0.17211656861403746 preempt=0.0 recomp=0.0 pfxhits=0.0
[19:04:02] START P1:FP4:DECODE_PRIMARY:C12:r1
[19:09:21] DONE  P1:FP4:DECODE_PRIMARY:C12:r1 status=OK tok/s=763.95 tpotP95=15.502652647805187 kvP95=0.256286769735942 preempt=0.0 recomp=0.0 pfxhits=0.0
[19:09:21] START P3:FP4:DECODE_PRIMARY:C24:r1
[19:15:28] DONE  P3:FP4:DECODE_PRIMARY:C24:r1 status=OK tok/s=1187.42 tpotP95=19.8398289851297 kvP95=0.49714051169790674 preempt=0.0 recomp=0.0 pfxhits=0.0
launching FP8_PRIMARY rep2 ...
  kv_tokens=97888 dispatch_ok=True prefix_caching=False start=22.02s
[19:15:56] START P1:FP8:DECODE_PRIMARY:C1:r2
[19:21:05] DONE  P1:FP8:DECODE_PRIMARY:C1:r2 status=OK tok/s=66.03 tpotP95=15.111929139992043 kvP95=0.0226581657675331 preempt=0.0 recomp=0.0 pfxhits=0.0
[19:21:07] START P1:FP8:DECODE_PRIMARY:C8:r2
[19:26:33] DONE  P1:FP8:DECODE_PRIMARY:C8:r2 status=OK tok/s=449.97 tpotP95=17.64387417946131 kvP95=0.20148765734837334 preempt=0.0 recomp=0.0 pfxhits=0.0
[19:26:35] START P1:FP8:DECODE_PRIMARY:C12:r2
[19:32:31] DONE  P1:FP8:DECODE_PRIMARY:C12:r2 status=OK tok/s=618.21 tpotP95=19.230919345177377 kvP95=0.2889651790093183 preempt=0.0 recomp=0.0 pfxhits=0.0
[19:32:31] START P3:FP8:DECODE_PRIMARY:C24:r2
[19:38:59] DONE  P3:FP8:DECODE_PRIMARY:C24:r2 status=OK tok/s=1000.01 tpotP95=23.554920970124904 kvP95=0.601765571358509 preempt=0.0 recomp=0.0 pfxhits=0.0
launching FP4_PRIMARY rep2 ...
  kv_tokens=120944 dispatch_ok=True prefix_caching=False start=22.02s
[19:39:27] START P1:FP4:DECODE_PRIMARY:C1:r2
[19:43:58] DONE  P1:FP4:DECODE_PRIMARY:C1:r2 status=OK tok/s=87.79 tpotP95=11.383602836735285 kvP95=0.019906059804181014 preempt=0.0 recomp=0.0 pfxhits=0.0
[19:44:00] START P1:FP4:DECODE_PRIMARY:C8:r2
[19:48:47] DONE  P1:FP4:DECODE_PRIMARY:C8:r2 status=OK tok/s=567.05 tpotP95=13.987385122903722 kvP95=0.16586398518126486 preempt=0.0 recomp=0.0 pfxhits=0.0
[19:48:49] START P1:FP4:DECODE_PRIMARY:C12:r2
[19:54:07] DONE  P1:FP4:DECODE_PRIMARY:C12:r2 status=OK tok/s=763.76 tpotP95=15.516754801520003 kvP95=0.24689732733527386 preempt=0.0 recomp=0.0 pfxhits=0.0
[19:54:07] START P3:FP4:DECODE_PRIMARY:C24:r2
[20:00:15] DONE  P3:FP4:DECODE_PRIMARY:C24:r2 status=OK tok/s=1188.29 tpotP95=19.841937435998815 kvP95=0.48062979624239216 preempt=0.0 recomp=0.0 pfxhits=0.0
launching BF16_REFERENCE rep2 ...
  kv_tokens=44688 dispatch_ok=True prefix_caching=False start=24.03s
[20:00:40] START P1:BF16:DECODE_PRIMARY:C1:r2
[20:08:12] DONE  P1:BF16:DECODE_PRIMARY:C1:r2 status=OK tok/s=36.1 tpotP95=27.657628900239093 kvP95=0.055479942693409744 preempt=0.0 recomp=0.0 pfxhits=0.0
[20:08:12] START P1:BF16:DECODE_PRIMARY:C8:r2
[20:16:20] DONE  P1:BF16:DECODE_PRIMARY:C8:r2 status=OK tok/s=268.38 tpotP95=29.572700648371793 kvP95=0.43753581661891117 preempt=0.0 recomp=0.0 pfxhits=0.0
[20:16:22] START P1:BF16:DECODE_PRIMARY:C12:r2
[20:24:56] DONE  P1:BF16:DECODE_PRIMARY:C12:r2 status=OK tok/s=381.31 tpotP95=31.274027616191887 kvP95=0.6646848137535817 preempt=0.0 recomp=0.0 pfxhits=0.0
launching FP4_PRIMARY rep3 ...
  kv_tokens=120944 dispatch_ok=True prefix_caching=False start=22.02s
[20:25:24] START P1:FP4:DECODE_PRIMARY:C1:r3
[20:29:55] DONE  P1:FP4:DECODE_PRIMARY:C1:r3 status=OK tok/s=87.81 tpotP95=11.379596068247201 kvP95=0.019906059804181014 preempt=0.0 recomp=0.0 pfxhits=0.0
[20:29:55] START P1:FP4:DECODE_PRIMARY:C8:r3
[20:34:42] DONE  P1:FP4:DECODE_PRIMARY:C8:r3 status=OK tok/s=567.06 tpotP95=13.983793085751282 kvP95=0.16586398518126486 preempt=0.0 recomp=0.0 pfxhits=0.0
[20:34:44] START P1:FP4:DECODE_PRIMARY:C12:r3
[20:40:02] DONE  P1:FP4:DECODE_PRIMARY:C12:r3 status=OK tok/s=763.6 tpotP95=15.51148773238798 kvP95=0.24741333686160363 preempt=0.0 recomp=0.0 pfxhits=0.0
[20:40:02] START P3:FP4:DECODE_PRIMARY:C24:r3
[20:46:10] DONE  P3:FP4:DECODE_PRIMARY:C24:r3 status=OK tok/s=1187.73 tpotP95=19.83622538006483 kvP95=0.4806562582693834 preempt=0.0 recomp=0.0 pfxhits=0.0
launching BF16_REFERENCE rep3 ...
  kv_tokens=44688 dispatch_ok=True prefix_caching=False start=24.03s
[20:46:34] START P1:BF16:DECODE_PRIMARY:C1:r3
[20:54:08] DONE  P1:BF16:DECODE_PRIMARY:C1:r3 status=OK tok/s=36.05 tpotP95=27.71575618363529 kvP95=0.05501432664756447 preempt=0.0 recomp=0.0 pfxhits=0.0
[20:54:08] START P1:BF16:DECODE_PRIMARY:C8:r3
[21:02:15] DONE  P1:BF16:DECODE_PRIMARY:C8:r3 status=OK tok/s=268.24 tpotP95=29.553475517972497 kvP95=0.4392908309455587 preempt=0.0 recomp=0.0 pfxhits=0.0
[21:02:17] START P1:BF16:DECODE_PRIMARY:C12:r3
[21:10:51] DONE  P1:BF16:DECODE_PRIMARY:C12:r3 status=OK tok/s=381.21 tpotP95=31.265092015424067 kvP95=0.6646848137535817 preempt=0.0 recomp=0.0 pfxhits=0.0
launching FP8_PRIMARY rep3 ...
  kv_tokens=97888 dispatch_ok=True prefix_caching=False start=22.02s
[21:11:19] START P1:FP8:DECODE_PRIMARY:C1:r3
[21:16:29] DONE  P1:FP8:DECODE_PRIMARY:C1:r3 status=OK tok/s=66.0 tpotP95=15.11891408177715 kvP95=0.02259277423573649 preempt=0.0 recomp=0.0 pfxhits=0.0
[21:16:31] START P1:FP8:DECODE_PRIMARY:C8:r3
[21:21:57] DONE  P1:FP8:DECODE_PRIMARY:C8:r3 status=OK tok/s=450.05 tpotP95=17.647387667914646 kvP95=0.20107896027464445 preempt=0.0 recomp=0.0 pfxhits=0.0
[21:21:59] START P1:FP8:DECODE_PRIMARY:C12:r3
[21:27:55] DONE  P1:FP8:DECODE_PRIMARY:C12:r3 status=OK tok/s=618.13 tpotP95=19.23227615575531 kvP95=0.28758378290011444 preempt=0.0 recomp=0.0 pfxhits=0.0
[21:27:55] START P3:FP8:DECODE_PRIMARY:C24:r3
[21:34:23] DONE  P3:FP8:DECODE_PRIMARY:C24:r3 status=OK tok/s=999.9 tpotP95=23.566979567022585 kvP95=0.6007846983815596 preempt=0.0 recomp=0.0 pfxhits=0.0
launching BF16 for P2 wall search ...
  kv_tokens=44688 dispatch_ok=True
[21:34:48] START P2:BF16:DECODE_PRIMARY:C12:r1
[21:42:37] DONE  P2:BF16:DECODE_PRIMARY:C12:r1 status=OK tok/s=382.21 tpotP95=31.29730516893727 kvP95=0.645487106017192 preempt=0.0 recomp=0.0 pfxhits=0.0
[21:42:37] START P2:BF16:DECODE_PRIMARY:C15:r1
[21:50:36] DONE  P2:BF16:DECODE_PRIMARY:C15:r1 status=OK tok/s=464.16 tpotP95=32.24597925911273 kvP95=0.8340795128939829 preempt=0.0 recomp=0.0 pfxhits=0.0
[21:50:38] START P2:BF16:DECODE_PRIMARY:C16:r1
[21:58:50] DONE  P2:BF16:DECODE_PRIMARY:C16:r1 status=OK tok/s=489.61 tpotP95=32.5881231044743 kvP95=0.8739255014326648 preempt=0.0 recomp=0.0 pfxhits=0.0
[21:58:50] START P2:BF16:DECODE_PRIMARY:C17:r1
[22:08:52] DONE  P2:BF16:DECODE_PRIMARY:C17:r1 status=OK tok/s=425.35 tpotP95=39.84433928623788 kvP95=0.9073065902578796 preempt=0.0 recomp=0.0 pfxhits=0.0
[22:08:52] START P2:BF16:DECODE_PRIMARY:C18:r1
[22:19:07] DONE  P2:BF16:DECODE_PRIMARY:C18:r1 status=OK tok/s=437.3 tpotP95=41.326855607841495 kvP95=0.9735136103151862 preempt=4.0 recomp=0.0 pfxhits=0.0
[22:19:07] START P2:BF16:DECODE_PRIMARY:C17:r2
[22:29:09] DONE  P2:BF16:DECODE_PRIMARY:C17:r2 status=OK tok/s=425.96 tpotP95=39.790101378585575 kvP95=0.9097421203438395 preempt=0.0 recomp=0.0 pfxhits=0.0
[22:29:09] START P2:BF16:DECODE_PRIMARY:C18:r2
[22:39:24] DONE  P2:BF16:DECODE_PRIMARY:C18:r2 status=OK tok/s=437.27 tpotP95=41.33447489085182 kvP95=0.9589720630372492 preempt=4.0 recomp=0.0 pfxhits=0.0
P2 bracket: last_clean=17 first_pressured=18
[22:39:54] START P5:BF16:PREFILL_PROBE:C1:r1
[22:43:05] DONE  P5:BF16:PREFILL_PROBE:C1:r1 status=OK tok/s=13.32 tpotP95=29.02200431713173 kvP95=0.1836497134670487 preempt=0.0 recomp=0.0 pfxhits=0.0
[22:43:32] START P5:FP8:PREFILL_PROBE:C1:r1
[22:46:53] DONE  P5:FP8:PREFILL_PROBE:C1:r1 status=OK tok/s=22.33 tpotP95=16.496728091771082 kvP95=0.04185058034984468 preempt=0.0 recomp=0.0 pfxhits=0.0
[22:47:21] START P5:FP4:PREFILL_PROBE:C1:r1
[22:50:31] DONE  P5:FP4:PREFILL_PROBE:C1:r1 status=OK tok/s=32.17 tpotP95=12.732183078544274 kvP95=0.06800740936755756 preempt=0.0 recomp=0.0 pfxhits=0.0
orchestrator finished
